// Jest Snapshot v1, https://goo.gl/fbAQLP

exports[`walk should be able to walk and parse Markdown files for the 'valid' fixture 1`] = `
"<h1>Introduction</h1>
<p>hello world</p>
"
`;

exports[`walk should be able to walk and parse Markdown files for the 'valid' fixture 2`] = `
"<h1>All products</h1>
<blockquote>
<p>Hey hey!</p>
</blockquote>
"
`;
